// Jest Snapshot v1, https://goo.gl/fbAQLP

exports[`Create comment loader 1`] = `"<div id="isso-root"><div class="isso-comment-loader" id="isso-loader-null"><a class="isso-load-hidden" href="#">5 Hidden</a></div></div>"`;
